#
# There is insufficient memory for the Java Runtime Environment to continue.
# Native memory allocation (malloc) failed to allocate 1048576 bytes. Error detail: AllocateHeap
# Possible reasons:
#   The system is out of physical RAM or swap space
#   This process is running with CompressedOops enabled, and the Java Heap may be blocking the growth of the native heap
# Possible solutions:
#   Reduce memory load on the system
#   Increase physical memory or swap space
#   Check if swap backing store is full
#   Decrease Java heap size (-Xmx/-Xms)
#   Decrease number of Java threads
#   Decrease Java thread stack sizes (-Xss)
#   Set larger code cache with -XX:ReservedCodeCacheSize=
#   JVM is running with Unscaled Compressed Oops mode in which the Java heap is
#     placed in the first 4GB address space. The Java Heap base address is the
#     maximum limit for the native heap growth. Please use -XX:HeapBaseMinAddress
#     to set the Java Heap base and to place the Java Heap above 4GB virtual address.
# This output file may be truncated or incomplete.
#
#  Out of Memory Error (allocation.cpp:44), pid=14696, tid=13428
#
# JRE version: OpenJDK Runtime Environment Temurin-21.0.12.1+1 (21.0.12.1+1) (build 21.0.12.1+1-LTS)
# Java VM: OpenJDK 64-Bit Server VM Temurin-21.0.12.1+1 (21.0.12.1+1-LTS, mixed mode, sharing, tiered, compressed oops, compressed class ptrs, parallel gc, windows-amd64)
# No core dump will be written. Minidumps are not enabled by default on client versions of Windows
#

---------------  S U M M A R Y ------------

Command Line: --add-modules=ALL-SYSTEM --add-opens=java.base/java.util=ALL-UNNAMED --add-opens=java.base/java.lang=ALL-UNNAMED --add-opens=java.base/sun.nio.fs=ALL-UNNAMED -Declipse.application=org.eclipse.jdt.ls.core.id1 -Dosgi.bundles.defaultStartLevel=4 -Declipse.product=org.eclipse.jdt.ls.core.product -Djava.import.generatesMetadataFilesAtProjectRoot=false -Dm2e.project.cache.size=50 -DDetectVMInstallationsJob.disabled=true -Dfile.encoding=utf8 -XX:+UseParallelGC -XX:GCTimeRatio=4 -XX:AdaptiveSizePolicyWeight=90 -Dsun.zip.disableMemoryMapping=true -Xmx2G -Xms100m -Xlog:disable -javaagent:c:\Users\Admin\.vscode\extensions\redhat.java-1.56.0-win32-x64\lombok\lombok-1.18.39-4050.jar -XX:+HeapDumpOnOutOfMemoryError -XX:HeapDumpPath=c:\Users\Admin\AppData\Roaming\Code\User\workspaceStorage\4f9e107358ef62e9664a310ec5419760\redhat.java -Daether.dependencyCollector.impl=bf c:\Users\Admin\.vscode\extensions\redhat.java-1.56.0-win32-x64\server\plugins\org.eclipse.equinox.launcher_1.8.0.v20260804-1928.jar -configuration c:\Users\Admin\AppData\Roaming\Code\User\globalStorage\redhat.java\1.56.0\config_win -data c:\Users\Admin\AppData\Roaming\Code\User\workspaceStorage\4f9e107358ef62e9664a310ec5419760\redhat.java\jdt_ws --pipe=\\.\pipe\lsp-4a7a9a2781b24e999d96a2f9c8131615-sock

Host: 11th Gen Intel(R) Core(TM) i5-1135G7 @ 2.40GHz, 8 cores, 7G,  Windows 10 , 64 bit Build 19041 (10.0.19041.292)
Time: Tue Sep 15 10:25:55 2026 SE Asia Standard Time elapsed time: 4356.126928 seconds (0d 1h 12m 36s)

---------------  T H R E A D  ---------------

Current thread (0x0000025d5b2f9300):  JavaThread "Attach Listener" daemon [_thread_in_vm, id=13428, stack(0x000000aa00400000,0x000000aa00500000) (1024K)]

Stack: [0x000000aa00400000,0x000000aa00500000]
Native frames: (J=compiled Java code, j=interpreted, Vv=VM code, C=native code)
V  [jvm.dll+0x6d83e9]
V  [jvm.dll+0x8b5736]
V  [jvm.dll+0x8b7cee]
V  [jvm.dll+0x8b83d3]
V  [jvm.dll+0x284596]
V  [jvm.dll+0xc13c7]
V  [jvm.dll+0x6d8c99]
V  [jvm.dll+0x133616]
V  [jvm.dll+0x3f8aae]
V  [jvm.dll+0x8600cd]
V  [jvm.dll+0x6d6c1d]
C  [ucrtbase.dll+0x214c2]
C  [KERNEL32.DLL+0x16fd4]
C  [ntdll.dll+0x4cec1]


---------------  P R O C E S S  ---------------

Threads class SMR info:
_java_thread_list=0x0000025d79416fb0, length=40, elements={
0x0000025d590d2900, 0x0000025d5b2f39b0, 0x0000025d5b2f6080, 0x0000025d5b2f83e0,
0x0000025d5b2f9300, 0x0000025d5b2fcf70, 0x0000025d5b302680, 0x0000025d5b305bc0,
0x0000025d5b306e00, 0x0000025d73777b00, 0x0000025d738a6240, 0x0000025d78390f30,
0x0000025d78879af0, 0x0000025d7387c390, 0x0000025d78757050, 0x0000025d78b863c0,
0x0000025d736cb780, 0x0000025d78496ac0, 0x0000025d78b12420, 0x0000025d78b11d90,
0x0000025d78b11070, 0x0000025d7a5cce80, 0x0000025d7a5cb440, 0x0000025d7a5cef50,
0x0000025d7a5cadb0, 0x0000025d7a5cc160, 0x0000025d7a5ce8c0, 0x0000025d7a5cdba0,
0x0000025d7a5cc7f0, 0x0000025d7a5c8650, 0x0000025d7a5c9370, 0x0000025d7a5cd510,
0x0000025d7a5ce230, 0x0000025d7aaf0780, 0x0000025d7b721fa0, 0x0000025d7b71f1b0,
0x0000025d7b71f840, 0x0000025d7b722cc0, 0x0000025d7b71fed0, 0x0000025d7b721280
}

Java Threads: ( => current thread )
  0x0000025d590d2900 JavaThread "main"                              [_thread_blocked, id=8772, stack(0x000000aa7fd00000,0x000000aa7fe00000) (1024K)]
  0x0000025d5b2f39b0 JavaThread "Reference Handler"          daemon [_thread_blocked, id=980, stack(0x000000aa00100000,0x000000aa00200000) (1024K)]
  0x0000025d5b2f6080 JavaThread "Finalizer"                  daemon [_thread_blocked, id=11764, stack(0x000000aa00200000,0x000000aa00300000) (1024K)]
  0x0000025d5b2f83e0 JavaThread "Signal Dispatcher"          daemon [_thread_blocked, id=14176, stack(0x000000aa00300000,0x000000aa00400000) (1024K)]
=>0x0000025d5b2f9300 JavaThread "Attach Listener"            daemon [_thread_in_vm, id=13428, stack(0x000000aa00400000,0x000000aa00500000) (1024K)]
  0x0000025d5b2fcf70 JavaThread "Service Thread"             daemon [_thread_blocked, id=3788, stack(0x000000aa00500000,0x000000aa00600000) (1024K)]
  0x0000025d5b302680 JavaThread "Monitor Deflation Thread"   daemon [_thread_blocked, id=14852, stack(0x000000aa00600000,0x000000aa00700000) (1024K)]
  0x0000025d5b305bc0 JavaThread "C2 CompilerThread0"         daemon [_thread_blocked, id=10872, stack(0x000000aa00700000,0x000000aa00800000) (1024K)]
  0x0000025d5b306e00 JavaThread "C1 CompilerThread0"         daemon [_thread_blocked, id=4920, stack(0x000000aa00800000,0x000000aa00900000) (1024K)]
  0x0000025d73777b00 JavaThread "Common-Cleaner"             daemon [_thread_blocked, id=13296, stack(0x000000aa00900000,0x000000aa00a00000) (1024K)]
  0x0000025d738a6240 JavaThread "Notification Thread"        daemon [_thread_blocked, id=2144, stack(0x000000aa00a00000,0x000000aa00b00000) (1024K)]
  0x0000025d78390f30 JavaThread "Active Thread: Equinox Container: f3398cc6-2ef3-4a91-b004-b9e06d9e8d4a"        [_thread_blocked, id=7316, stack(0x000000aa01100000,0x000000aa01200000) (1024K)]
  0x0000025d78879af0 JavaThread "Refresh Thread: Equinox Container: f3398cc6-2ef3-4a91-b004-b9e06d9e8d4a" daemon [_thread_blocked, id=12480, stack(0x000000aa01300000,0x000000aa01400000) (1024K)]
  0x0000025d7387c390 JavaThread "Framework Event Dispatcher: Equinox Container: f3398cc6-2ef3-4a91-b004-b9e06d9e8d4a" daemon [_thread_blocked, id=6436, stack(0x000000aa01400000,0x000000aa01500000) (1024K)]
  0x0000025d78757050 JavaThread "Start Level: Equinox Container: f3398cc6-2ef3-4a91-b004-b9e06d9e8d4a" daemon [_thread_blocked, id=3212, stack(0x000000aa01500000,0x000000aa01600000) (1024K)]
  0x0000025d78b863c0 JavaThread "Bundle File Closer"         daemon [_thread_blocked, id=6960, stack(0x000000aa01600000,0x000000aa01700000) (1024K)]
  0x0000025d736cb780 JavaThread "SCR Component Actor"        daemon [_thread_blocked, id=13436, stack(0x000000aa01700000,0x000000aa01800000) (1024K)]
  0x0000025d78496ac0 JavaThread "Worker-JM"                         [_thread_blocked, id=7564, stack(0x000000aa01800000,0x000000aa01900000) (1024K)]
  0x0000025d78b12420 JavaThread "JNA Cleaner"                daemon [_thread_blocked, id=8700, stack(0x000000aa01900000,0x000000aa01a00000) (1024K)]
  0x0000025d78b11d90 JavaThread "Worker-0"                          [_thread_blocked, id=13784, stack(0x000000aa01a00000,0x000000aa01b00000) (1024K)]
  0x0000025d78b11070 JavaThread "Java indexing"              daemon [_thread_blocked, id=14288, stack(0x000000aa01c00000,0x000000aa01d00000) (1024K)]
  0x0000025d7a5cce80 JavaThread "Thread-1"                   daemon [_thread_in_native, id=11088, stack(0x000000aa02000000,0x000000aa02100000) (1024K)]
  0x0000025d7a5cb440 JavaThread "Thread-2"                   daemon [_thread_in_native, id=11752, stack(0x000000aa02100000,0x000000aa02200000) (1024K)]
  0x0000025d7a5cef50 JavaThread "Thread-3"                   daemon [_thread_in_native, id=2440, stack(0x000000aa02200000,0x000000aa02300000) (1024K)]
  0x0000025d7a5cadb0 JavaThread "Thread-4"                   daemon [_thread_in_native, id=12660, stack(0x000000aa02300000,0x000000aa02400000) (1024K)]
  0x0000025d7a5cc160 JavaThread "Thread-5"                   daemon [_thread_in_native, id=4132, stack(0x000000aa02400000,0x000000aa02500000) (1024K)]
  0x0000025d7a5ce8c0 JavaThread "Thread-6"                   daemon [_thread_in_native, id=992, stack(0x000000aa02500000,0x000000aa02600000) (1024K)]
  0x0000025d7a5cdba0 JavaThread "Thread-7"                   daemon [_thread_in_native, id=12828, stack(0x000000aa02600000,0x000000aa02700000) (1024K)]
  0x0000025d7a5cc7f0 JavaThread "Thread-8"                   daemon [_thread_in_native, id=13720, stack(0x000000aa02700000,0x000000aa02800000) (1024K)]
  0x0000025d7a5c8650 JavaThread "Thread-9"                   daemon [_thread_in_native, id=6192, stack(0x000000aa02800000,0x000000aa02900000) (1024K)]
  0x0000025d7a5c9370 JavaThread "pool-2-thread-1"                   [_thread_blocked, id=5012, stack(0x000000aa02900000,0x000000aa02a00000) (1024K)]
  0x0000025d7a5cd510 JavaThread "WorkspaceEventsHandler"            [_thread_blocked, id=13120, stack(0x000000aa02a00000,0x000000aa02b00000) (1024K)]
  0x0000025d7a5ce230 JavaThread "pool-1-thread-1"                   [_thread_blocked, id=15028, stack(0x000000aa02b00000,0x000000aa02c00000) (1024K)]
  0x0000025d7aaf0780 JavaThread "PatternSearchJob-worker-3"  daemon [_thread_blocked, id=13624, stack(0x000000aa03500000,0x000000aa03600000) (1024K)]
  0x0000025d7b721fa0 JavaThread "PatternSearchJob-worker-4"  daemon [_thread_blocked, id=15272, stack(0x000000aa03600000,0x000000aa03700000) (1024K)]
  0x0000025d7b71f1b0 JavaThread "PatternSearchJob-worker-7"  daemon [_thread_blocked, id=4892, stack(0x000000aa03900000,0x000000aa03a00000) (1024K)]
  0x0000025d7b71f840 JavaThread "Cleaner-0"                  daemon [_thread_blocked, id=4572, stack(0x000000aa03a00000,0x000000aa03b00000) (1024K)]
  0x0000025d7b722cc0 JavaThread "PatternSearchJob-worker-8"  daemon [_thread_blocked, id=9844, stack(0x000000aa03200000,0x000000aa03300000) (1024K)]
  0x0000025d7b71fed0 JavaThread "PatternSearchJob-worker-10" daemon [_thread_blocked, id=3956, stack(0x000000aa03700000,0x000000aa03800000) (1024K)]
  0x0000025d7b721280 JavaThread "Worker-5"                          [_thread_blocked, id=9492, stack(0x000000aa02e00000,0x000000aa02f00000) (1024K)]
Total: 40

Other Threads:
  0x0000025d5b2d9f00 VMThread "VM Thread"                           [id=14716, stack(0x000000aa00000000,0x000000aa00100000) (1024K)]
  0x0000025d5b1d1920 WatcherThread "VM Periodic Task Thread"        [id=3592, stack(0x000000aa7ff00000,0x000000aa80000000) (1024K)]
  0x0000025d5b3a6f60 WorkerThread "GC Thread#0"                     [id=10876, stack(0x000000aa7fe00000,0x000000aa7ff00000) (1024K)]
  0x0000025d782bbb10 WorkerThread "GC Thread#1"                     [id=10524, stack(0x000000aa00b00000,0x000000aa00c00000) (1024K)]
  0x0000025d782a4dd0 WorkerThread "GC Thread#2"                     [id=7512, stack(0x000000aa00c00000,0x000000aa00d00000) (1024K)]
  0x0000025d782a5180 WorkerThread "GC Thread#3"                     [id=3984, stack(0x000000aa00d00000,0x000000aa00e00000) (1024K)]
  0x0000025d782a5530 WorkerThread "GC Thread#4"                     [id=4736, stack(0x000000aa00e00000,0x000000aa00f00000) (1024K)]
  0x0000025d78657380 WorkerThread "GC Thread#5"                     [id=12132, stack(0x000000aa00f00000,0x000000aa01000000) (1024K)]
  0x0000025d78657730 WorkerThread "GC Thread#6"                     [id=13584, stack(0x000000aa01000000,0x000000aa01100000) (1024K)]
  0x0000025d735e0060 WorkerThread "GC Thread#7"                     [id=15192, stack(0x000000aa01200000,0x000000aa01300000) (1024K)]
Total: 10

Threads with active compile tasks:
Total: 0

VM state: not at safepoint (normal execution)

VM Mutex/Monitor currently owned by a thread: None

Heap address: 0x0000000080000000, size: 2048 MB, Compressed Oops mode: 32-bit

CDS archive(s) mapped at: [0x0000025d00000000-0x0000025d00ba0000-0x0000025d00ba0000), size 12189696, SharedBaseAddress: 0x0000025d00000000, ArchiveRelocationMode: 1.
Compressed class space mapped at: 0x0000025d01000000-0x0000025d41000000, reserved size: 1073741824
Narrow klass base: 0x0000025d00000000, Narrow klass shift: 0, Narrow klass range: 0x100000000

GC Precious Log:
 CardTable entry size: 512
 CPUs: 8 total, 8 available
 Memory: 7934M
 Large Page Support: Disabled
 NUMA Support: Disabled
 Compressed Oops: Enabled (32-bit)
 Alignments: Space 512K, Generation 512K, Heap 2M
 Heap Min Capacity: 100M
 Heap Initial Capacity: 100M
 Heap Max Capacity: 2G
 Pre-touch: Disabled
 Parallel Workers: 8

Heap:
 PSYoungGen      total 6656K, used 4171K [0x00000000d5580000, 0x00000000d5f00000, 0x0000000100000000)
  eden space 4608K, 67% used [0x00000000d5580000,0x00000000d5889b10,0x00000000d5a00000)
  from space 2048K, 51% used [0x00000000d5b00000,0x00000000d5c09230,0x00000000d5d00000)
  to   space 1536K, 0% used [0x00000000d5d80000,0x00000000d5d80000,0x00000000d5f00000)
 ParOldGen       total 567808K, used 567372K [0x0000000080000000, 0x00000000a2a80000, 0x00000000d5580000)
  object space 567808K, 99% used [0x0000000080000000,0x00000000a2a13268,0x00000000a2a80000)
 Metaspace       used 90179K, committed 92224K, reserved 1179648K
  class space    used 8943K, committed 9920K, reserved 1048576K

Card table byte_map: [0x0000025d5ad40000,0x0000025d5b150000] _byte_map_base: 0x0000025d5a940000

Marking Bits: (ParMarkBitMap*) 0x00007ffadbfa44a0
 Begin Bits: [0x0000025d6d850000, 0x0000025d6f850000)
 End Bits:   [0x0000025d6f850000, 0x0000025d71850000)

Polling page: 0x0000025d59250000

Metaspace:

Usage:
  Non-class:     79.33 MB used.
      Class:      8.73 MB used.
       Both:     88.07 MB used.

Virtual space:
  Non-class space:      128.00 MB reserved,      80.38 MB ( 63%) committed,  2 nodes.
      Class space:        1.00 GB reserved,       9.69 MB ( <1%) committed,  1 nodes.
             Both:        1.12 GB reserved,      90.06 MB (  8%) committed. 

Chunk freelists:
   Non-Class:  14.90 MB
       Class:  6.47 MB
        Both:  21.36 MB

MaxMetaspaceSize: unlimited
CompressedClassSpaceSize: 1.00 GB
Initial GC threshold: 21.00 MB
Current GC threshold: 149.94 MB
CDS: on
 - commit_granule_bytes: 65536.
 - commit_granule_words: 8192.
 - virtual_space_node_default_size: 8388608.
 - enlarge_chunks_in_place: 1.
 - use_allocation_guard: 0.


Internal statistics:

num_allocs_failed_limit: 11.
num_arena_births: 1876.
num_arena_deaths: 294.
num_vsnodes_births: 3.
num_vsnodes_deaths: 0.
num_space_committed: 1441.
num_space_uncommitted: 0.
num_chunks_returned_to_freelist: 358.
num_chunks_taken_from_freelist: 6673.
num_chunk_merges: 89.
num_chunk_splits: 3936.
num_chunks_enlarged: 2069.
num_inconsistent_stats: 0.

CodeHeap 'non-profiled nmethods': size=120000Kb used=20491Kb max_used=23671Kb free=99508Kb
 bounds [0x0000025d66070000, 0x0000025d67790000, 0x0000025d6d5a0000]
CodeHeap 'profiled nmethods': size=120000Kb used=44112Kb max_used=52962Kb free=75887Kb
 bounds [0x0000025d5e5a0000, 0x0000025d61960000, 0x0000025d65ad0000]
CodeHeap 'non-nmethods': size=5760Kb used=1508Kb max_used=1578Kb free=4251Kb
 bounds [0x0000025d65ad0000, 0x0000025d65d40000, 0x0000025d66070000]
CodeCache: size=245760Kb, used=66111Kb, max_used=78211Kb, free=179646Kb
 total_blobs=19112, nmethods=18292, adapters=721, full_count=0
Compilation: enabled, stopped_count=0, restarted_count=0

Compilation events (20 events):
Event: 3601.078 Thread 0x0000025d5b306e00 25750       1       org.eclipse.core.internal.resources.mapping.ResourceChangeDescriptionFactory::getDelta (5 bytes)
Event: 3601.078 Thread 0x0000025d5b306e00 nmethod 25750 0x0000025d66218c10 code [0x0000025d66218da0, 0x0000025d66218e68]
Event: 3601.078 Thread 0x0000025d5b306e00 25751       1       org.eclipse.core.expressions.EvaluationContext::getDefaultVariable (5 bytes)
Event: 3601.078 Thread 0x0000025d5b306e00 nmethod 25751 0x0000025d6621c490 code [0x0000025d6621c620, 0x0000025d6621c6e8]
Event: 3601.078 Thread 0x0000025d5b306e00 25752       1       org.eclipse.jdt.internal.corext.refactoring.code.ExtractMethodAnalyzer::isSelectionChanged (5 bytes)
Event: 3601.078 Thread 0x0000025d5b306e00 nmethod 25752 0x0000025d6623be90 code [0x0000025d6623c020, 0x0000025d6623c0f0]
Event: 3601.079 Thread 0x0000025d5b305bc0 25753       4       org.eclipse.jface.text.CopyOnWriteTextStore::get (12 bytes)
Event: 3601.088 Thread 0x0000025d5b305bc0 nmethod 25753 0x0000025d6631db90 code [0x0000025d6631dde0, 0x0000025d6631e990]
Event: 3601.247 Thread 0x0000025d5b306e00 25754       3       org.eclipse.jdt.internal.compiler.lookup.ParameterizedGenericMethodBinding::hasSubstitutedParameters (20 bytes)
Event: 3601.248 Thread 0x0000025d5b306e00 nmethod 25754 0x0000025d5eb4ac10 code [0x0000025d5eb4ade0, 0x0000025d5eb4b0c8]
Event: 3601.874 Thread 0x0000025d5b305bc0 25755   !   4       org.eclipse.jdt.internal.codeassist.SelectionEngine::checkSelection (1090 bytes)
Event: 3601.895 Thread 0x0000025d5b305bc0 nmethod 25755 0x0000025d66c49890 code [0x0000025d66c49c40, 0x0000025d66c4b868]
Event: 3861.401 Thread 0x0000025d5b306e00 25756       1       com.sun.jna.internal.Cleaner::access$200 (5 bytes)
Event: 3861.403 Thread 0x0000025d5b306e00 nmethod 25756 0x0000025d6625e190 code [0x0000025d6625e320, 0x0000025d6625e3d0]
Event: 3917.669 Thread 0x0000025d5b306e00 25757   !   3       org.eclipse.core.internal.jobs.JobManager::findBlockingJob (179 bytes)
Event: 3917.678 Thread 0x0000025d5b306e00 nmethod 25757 0x0000025d5ff58590 code [0x0000025d5ff588c0, 0x0000025d5ff59e28]
Event: 4011.437 Thread 0x0000025d5b306e00 25758   !   3       java.util.logging.LogManager::getUserContext (118 bytes)
Event: 4011.448 Thread 0x0000025d5b306e00 nmethod 25758 0x0000025d5eff5690 code [0x0000025d5eff5840, 0x0000025d5eff5ab0]
Event: 4011.448 Thread 0x0000025d5b306e00 25759       3       jdk.internal.access.SharedSecrets::getJavaAWTAccess (4 bytes)
Event: 4011.448 Thread 0x0000025d5b306e00 nmethod 25759 0x0000025d5e95e590 code [0x0000025d5e95e720, 0x0000025d5e95e818]

GC Heap History (20 events):
Event: 3582.270 GC heap before
{Heap before GC invocations=3221 (full 6):
 PSYoungGen      total 7168K, used 6767K [0x00000000d5580000, 0x00000000d6080000, 0x0000000100000000)
  eden space 4096K, 100% used [0x00000000d5580000,0x00000000d5980000,0x00000000d5980000)
  from space 3072K, 86% used [0x00000000d5980000,0x00000000d5c1be50,0x00000000d5c80000)
  to   space 3072K, 0% used [0x00000000d5d80000,0x00000000d5d80000,0x00000000d6080000)
 ParOldGen       total 554496K, used 554447K [0x0000000080000000, 0x00000000a1d80000, 0x00000000d5580000)
  object space 554496K, 99% used [0x0000000080000000,0x00000000a1d73f10,0x00000000a1d80000)
 Metaspace       used 90175K, committed 92224K, reserved 1179648K
  class space    used 8943K, committed 9920K, reserved 1048576K
}
Event: 3582.272 GC heap after
{Heap after GC invocations=3221 (full 6):
 PSYoungGen      total 5632K, used 352K [0x00000000d5580000, 0x00000000d5e00000, 0x0000000100000000)
  eden space 5120K, 0% used [0x00000000d5580000,0x00000000d5580000,0x00000000d5a80000)
  from space 512K, 68% used [0x00000000d5d80000,0x00000000d5dd8000,0x00000000d5e00000)
  to   space 1536K, 0% used [0x00000000d5b00000,0x00000000d5b00000,0x00000000d5c80000)
 ParOldGen       total 557056K, used 557016K [0x0000000080000000, 0x00000000a2000000, 0x00000000d5580000)
  object space 557056K, 99% used [0x0000000080000000,0x00000000a1ff6128,0x00000000a2000000)
 Metaspace       used 90175K, committed 92224K, reserved 1179648K
  class space    used 8943K, committed 9920K, reserved 1048576K
}
Event: 3584.519 GC heap before
{Heap before GC invocations=3222 (full 6):
 PSYoungGen      total 5632K, used 5471K [0x00000000d5580000, 0x00000000d5e00000, 0x0000000100000000)
  eden space 5120K, 99% used [0x00000000d5580000,0x00000000d5a7ffd8,0x00000000d5a80000)
  from space 512K, 68% used [0x00000000d5d80000,0x00000000d5dd8000,0x00000000d5e00000)
  to   space 1536K, 0% used [0x00000000d5b00000,0x00000000d5b00000,0x00000000d5c80000)
 ParOldGen       total 557056K, used 557016K [0x0000000080000000, 0x00000000a2000000, 0x00000000d5580000)
  object space 557056K, 99% used [0x0000000080000000,0x00000000a1ff6128,0x00000000a2000000)
 Metaspace       used 90175K, committed 92224K, reserved 1179648K
  class space    used 8943K, committed 9920K, reserved 1048576K
}
Event: 3584.520 GC heap after
{Heap after GC invocations=3222 (full 6):
 PSYoungGen      total 6656K, used 352K [0x00000000d5580000, 0x00000000d5e00000, 0x0000000100000000)
  eden space 5120K, 0% used [0x00000000d5580000,0x00000000d5580000,0x00000000d5a80000)
  from space 1536K, 22% used [0x00000000d5b00000,0x00000000d5b58000,0x00000000d5c80000)
  to   space 512K, 0% used [0x00000000d5d80000,0x00000000d5d80000,0x00000000d5e00000)
 ParOldGen       total 557568K, used 557296K [0x0000000080000000, 0x00000000a2080000, 0x00000000d5580000)
  object space 557568K, 99% used [0x0000000080000000,0x00000000a203c128,0x00000000a2080000)
 Metaspace       used 90175K, committed 92224K, reserved 1179648K
  class space    used 8943K, committed 9920K, reserved 1048576K
}
Event: 3584.529 GC heap before
{Heap before GC invocations=3223 (full 6):
 PSYoungGen      total 6656K, used 5412K [0x00000000d5580000, 0x00000000d5e00000, 0x0000000100000000)
  eden space 5120K, 98% used [0x00000000d5580000,0x00000000d5a71308,0x00000000d5a80000)
  from space 1536K, 22% used [0x00000000d5b00000,0x00000000d5b58000,0x00000000d5c80000)
  to   space 512K, 0% used [0x00000000d5d80000,0x00000000d5d80000,0x00000000d5e00000)
 ParOldGen       total 557568K, used 557296K [0x0000000080000000, 0x00000000a2080000, 0x00000000d5580000)
  object space 557568K, 99% used [0x0000000080000000,0x00000000a203c128,0x00000000a2080000)
 Metaspace       used 90175K, committed 92224K, reserved 1179648K
  class space    used 8943K, committed 9920K, reserved 1048576K
}
Event: 3584.530 GC heap after
{Heap after GC invocations=3223 (full 6):
 PSYoungGen      total 5120K, used 498K [0x00000000d5580000, 0x00000000d6180000, 0x0000000100000000)
  eden space 4608K, 0% used [0x00000000d5580000,0x00000000d5580000,0x00000000d5a00000)
  from space 512K, 97% used [0x00000000d5d80000,0x00000000d5dfc880,0x00000000d5e00000)
  to   space 3584K, 0% used [0x00000000d5a00000,0x00000000d5a00000,0x00000000d5d80000)
 ParOldGen       total 559616K, used 559553K [0x0000000080000000, 0x00000000a2280000, 0x00000000d5580000)
  object space 559616K, 99% used [0x0000000080000000,0x00000000a2270518,0x00000000a2280000)
 Metaspace       used 90175K, committed 92224K, reserved 1179648K
  class space    used 8943K, committed 9920K, reserved 1048576K
}
Event: 3584.540 GC heap before
{Heap before GC invocations=3224 (full 6):
 PSYoungGen      total 5120K, used 5106K [0x00000000d5580000, 0x00000000d6180000, 0x0000000100000000)
  eden space 4608K, 100% used [0x00000000d5580000,0x00000000d5a00000,0x00000000d5a00000)
  from space 512K, 97% used [0x00000000d5d80000,0x00000000d5dfc880,0x00000000d5e00000)
  to   space 3584K, 0% used [0x00000000d5a00000,0x00000000d5a00000,0x00000000d5d80000)
 ParOldGen       total 559616K, used 559553K [0x0000000080000000, 0x00000000a2280000, 0x00000000d5580000)
  object space 559616K, 99% used [0x0000000080000000,0x00000000a2270518,0x00000000a2280000)
 Metaspace       used 90175K, committed 92224K, reserved 1179648K
  class space    used 8943K, committed 9920K, reserved 1048576K
}
Event: 3584.541 GC heap after
{Heap after GC invocations=3224 (full 6):
 PSYoungGen      total 8192K, used 3579K [0x00000000d5580000, 0x00000000d6400000, 0x0000000100000000)
  eden space 4608K, 0% used [0x00000000d5580000,0x00000000d5580000,0x00000000d5a00000)
  from space 3584K, 99% used [0x00000000d5a00000,0x00000000d5d7eed0,0x00000000d5d80000)
  to   space 5120K, 0% used [0x00000000d5f00000,0x00000000d5f00000,0x00000000d6400000)
 ParOldGen       total 560640K, used 560429K [0x0000000080000000, 0x00000000a2380000, 0x00000000d5580000)
  object space 560640K, 99% used [0x0000000080000000,0x00000000a234b400,0x00000000a2380000)
 Metaspace       used 90175K, committed 92224K, reserved 1179648K
  class space    used 8943K, committed 9920K, reserved 1048576K
}
Event: 3584.548 GC heap before
{Heap before GC invocations=3225 (full 6):
 PSYoungGen      total 8192K, used 8187K [0x00000000d5580000, 0x00000000d6400000, 0x0000000100000000)
  eden space 4608K, 100% used [0x00000000d5580000,0x00000000d5a00000,0x00000000d5a00000)
  from space 3584K, 99% used [0x00000000d5a00000,0x00000000d5d7eed0,0x00000000d5d80000)
  to   space 5120K, 0% used [0x00000000d5f00000,0x00000000d5f00000,0x00000000d6400000)
 ParOldGen       total 560640K, used 560429K [0x0000000080000000, 0x00000000a2380000, 0x00000000d5580000)
  object space 560640K, 99% used [0x0000000080000000,0x00000000a234b400,0x00000000a2380000)
 Metaspace       used 90176K, committed 92224K, reserved 1179648K
  class space    used 8943K, committed 9920K, reserved 1048576K
}
Event: 3584.550 GC heap after
{Heap after GC invocations=3225 (full 6):
 PSYoungGen      total 6144K, used 1074K [0x00000000d5580000, 0x00000000d6080000, 0x0000000100000000)
  eden space 4608K, 0% used [0x00000000d5580000,0x00000000d5580000,0x00000000d5a00000)
  from space 1536K, 69% used [0x00000000d5f00000,0x00000000d600c868,0x00000000d6080000)
  to   space 2560K, 0% used [0x00000000d5b80000,0x00000000d5b80000,0x00000000d5e00000)
 ParOldGen       total 564224K, used 563966K [0x0000000080000000, 0x00000000a2700000, 0x00000000d5580000)
  object space 564224K, 99% used [0x0000000080000000,0x00000000a26bfba8,0x00000000a2700000)
 Metaspace       used 90176K, committed 92224K, reserved 1179648K
  class space    used 8943K, committed 9920K, reserved 1048576K
}
Event: 3600.818 GC heap before
{Heap before GC invocations=3226 (full 6):
 PSYoungGen      total 6144K, used 5682K [0x00000000d5580000, 0x00000000d6080000, 0x0000000100000000)
  eden space 4608K, 100% used [0x00000000d5580000,0x00000000d5a00000,0x00000000d5a00000)
  from space 1536K, 69% used [0x00000000d5f00000,0x00000000d600c868,0x00000000d6080000)
  to   space 2560K, 0% used [0x00000000d5b80000,0x00000000d5b80000,0x00000000d5e00000)
 ParOldGen       total 564224K, used 563966K [0x0000000080000000, 0x00000000a2700000, 0x00000000d5580000)
  object space 564224K, 99% used [0x0000000080000000,0x00000000a26bfba8,0x00000000a2700000)
 Metaspace       used 90176K, committed 92224K, reserved 1179648K
  class space    used 8943K, committed 9920K, reserved 1048576K
}
Event: 3600.821 GC heap after
{Heap after GC invocations=3226 (full 6):
 PSYoungGen      total 7168K, used 624K [0x00000000d5580000, 0x00000000d5f80000, 0x0000000100000000)
  eden space 4608K, 0% used [0x00000000d5580000,0x00000000d5580000,0x00000000d5a00000)
  from space 2560K, 24% used [0x00000000d5b80000,0x00000000d5c1c010,0x00000000d5e00000)
  to   space 1024K, 0% used [0x00000000d5e80000,0x00000000d5e80000,0x00000000d5f80000)
 ParOldGen       total 564736K, used 564726K [0x0000000080000000, 0x00000000a2780000, 0x00000000d5580000)
  object space 564736K, 99% used [0x0000000080000000,0x00000000a277dbb8,0x00000000a2780000)
 Metaspace       used 90176K, committed 92224K, reserved 1179648K
  class space    used 8943K, committed 9920K, reserved 1048576K
}
Event: 3600.832 GC heap before
{Heap before GC invocations=3227 (full 6):
 PSYoungGen      total 7168K, used 5232K [0x00000000d5580000, 0x00000000d5f80000, 0x0000000100000000)
  eden space 4608K, 100% used [0x00000000d5580000,0x00000000d5a00000,0x00000000d5a00000)
  from space 2560K, 24% used [0x00000000d5b80000,0x00000000d5c1c010,0x00000000d5e00000)
  to   space 1024K, 0% used [0x00000000d5e80000,0x00000000d5e80000,0x00000000d5f80000)
 ParOldGen       total 564736K, used 564726K [0x0000000080000000, 0x00000000a2780000, 0x00000000d5580000)
  object space 564736K, 99% used [0x0000000080000000,0x00000000a277dbb8,0x00000000a2780000)
 Metaspace       used 90176K, committed 92224K, reserved 1179648K
  class space    used 8943K, committed 9920K, reserved 1048576K
}
Event: 3600.833 GC heap after
{Heap after GC invocations=3227 (full 6):
 PSYoungGen      total 5632K, used 836K [0x00000000d5580000, 0x00000000d5f80000, 0x0000000100000000)
  eden space 4608K, 0% used [0x00000000d5580000,0x00000000d5580000,0x00000000d5a00000)
  from space 1024K, 81% used [0x00000000d5e80000,0x00000000d5f51230,0x00000000d5f80000)
  to   space 1024K, 0% used [0x00000000d5d80000,0x00000000d5d80000,0x00000000d5e80000)
 ParOldGen       total 565248K, used 565166K [0x0000000080000000, 0x00000000a2800000, 0x00000000d5580000)
  object space 565248K, 99% used [0x0000000080000000,0x00000000a27ebbd8,0x00000000a2800000)
 Metaspace       used 90176K, committed 92224K, reserved 1179648K
  class space    used 8943K, committed 9920K, reserved 1048576K
}
Event: 3600.871 GC heap before
{Heap before GC invocations=3228 (full 6):
 PSYoungGen      total 5632K, used 5444K [0x00000000d5580000, 0x00000000d5f80000, 0x0000000100000000)
  eden space 4608K, 100% used [0x00000000d5580000,0x00000000d5a00000,0x00000000d5a00000)
  from space 1024K, 81% used [0x00000000d5e80000,0x00000000d5f51230,0x00000000d5f80000)
  to   space 1024K, 0% used [0x00000000d5d80000,0x00000000d5d80000,0x00000000d5e80000)
 ParOldGen       total 565248K, used 565166K [0x0000000080000000, 0x00000000a2800000, 0x00000000d5580000)
  object space 565248K, 99% used [0x0000000080000000,0x00000000a27ebbd8,0x00000000a2800000)
 Metaspace       used 90177K, committed 92224K, reserved 1179648K
  class space    used 8943K, committed 9920K, reserved 1048576K
}
Event: 3600.873 GC heap after
{Heap after GC invocations=3228 (full 6):
 PSYoungGen      total 5632K, used 788K [0x00000000d5580000, 0x00000000d5f00000, 0x0000000100000000)
  eden space 4608K, 0% used [0x00000000d5580000,0x00000000d5580000,0x00000000d5a00000)
  from space 1024K, 77% used [0x00000000d5d80000,0x00000000d5e45220,0x00000000d5e80000)
  to   space 512K, 0% used [0x00000000d5e80000,0x00000000d5e80000,0x00000000d5f00000)
 ParOldGen       total 566272K, used 565899K [0x0000000080000000, 0x00000000a2900000, 0x00000000d5580000)
  object space 566272K, 99% used [0x0000000080000000,0x00000000a28a2e08,0x00000000a2900000)
 Metaspace       used 90177K, committed 92224K, reserved 1179648K
  class space    used 8943K, committed 9920K, reserved 1048576K
}
Event: 3601.243 GC heap before
{Heap before GC invocations=3229 (full 6):
 PSYoungGen      total 5632K, used 5396K [0x00000000d5580000, 0x00000000d5f00000, 0x0000000100000000)
  eden space 4608K, 100% used [0x00000000d5580000,0x00000000d5a00000,0x00000000d5a00000)
  from space 1024K, 77% used [0x00000000d5d80000,0x00000000d5e45220,0x00000000d5e80000)
  to   space 512K, 0% used [0x00000000d5e80000,0x00000000d5e80000,0x00000000d5f00000)
 ParOldGen       total 566272K, used 565899K [0x0000000080000000, 0x00000000a2900000, 0x00000000d5580000)
  object space 566272K, 99% used [0x0000000080000000,0x00000000a28a2e08,0x00000000a2900000)
 Metaspace       used 90177K, committed 92224K, reserved 1179648K
  class space    used 8943K, committed 9920K, reserved 1048576K
}
Event: 3601.245 GC heap after
{Heap after GC invocations=3229 (full 6):
 PSYoungGen      total 5120K, used 500K [0x00000000d5580000, 0x00000000d5f00000, 0x0000000100000000)
  eden space 4608K, 0% used [0x00000000d5580000,0x00000000d5580000,0x00000000d5a00000)
  from space 512K, 97% used [0x00000000d5e80000,0x00000000d5efd200,0x00000000d5f00000)
  to   space 2048K, 0% used [0x00000000d5b00000,0x00000000d5b00000,0x00000000d5d00000)
 ParOldGen       total 567296K, used 566884K [0x0000000080000000, 0x00000000a2a00000, 0x00000000d5580000)
  object space 567296K, 99% used [0x0000000080000000,0x00000000a2999058,0x00000000a2a00000)
 Metaspace       used 90177K, committed 92224K, reserved 1179648K
  class space    used 8943K, committed 9920K, reserved 1048576K
}
Event: 3601.255 GC heap before
{Heap before GC invocations=3230 (full 6):
 PSYoungGen      total 5120K, used 5108K [0x00000000d5580000, 0x00000000d5f00000, 0x0000000100000000)
  eden space 4608K, 100% used [0x00000000d5580000,0x00000000d5a00000,0x00000000d5a00000)
  from space 512K, 97% used [0x00000000d5e80000,0x00000000d5efd200,0x00000000d5f00000)
  to   space 2048K, 0% used [0x00000000d5b00000,0x00000000d5b00000,0x00000000d5d00000)
 ParOldGen       total 567296K, used 566884K [0x0000000080000000, 0x00000000a2a00000, 0x00000000d5580000)
  object space 567296K, 99% used [0x0000000080000000,0x00000000a2999058,0x00000000a2a00000)
 Metaspace       used 90178K, committed 92224K, reserved 1179648K
  class space    used 8943K, committed 9920K, reserved 1048576K
}
Event: 3601.257 GC heap after
{Heap after GC invocations=3230 (full 6):
 PSYoungGen      total 6656K, used 1060K [0x00000000d5580000, 0x00000000d5f00000, 0x0000000100000000)
  eden space 4608K, 0% used [0x00000000d5580000,0x00000000d5580000,0x00000000d5a00000)
  from space 2048K, 51% used [0x00000000d5b00000,0x00000000d5c09230,0x00000000d5d00000)
  to   space 1536K, 0% used [0x00000000d5d80000,0x00000000d5d80000,0x00000000d5f00000)
 ParOldGen       total 567808K, used 567372K [0x0000000080000000, 0x00000000a2a80000, 0x00000000d5580000)
  object space 567808K, 99% used [0x0000000080000000,0x00000000a2a13268,0x00000000a2a80000)
 Metaspace       used 90178K, committed 92224K, reserved 1179648K
  class space    used 8943K, committed 9920K, reserved 1048576K
}

Dll operation events (20 events):
Event: 0.012 Attempting to load shared library c:\Users\Admin\.vscode\extensions\redhat.java-1.56.0-win32-x64\jre\21.0.12.1-win32-x86_64\bin\java.dll
Event: 0.012 Loaded shared library c:\Users\Admin\.vscode\extensions\redhat.java-1.56.0-win32-x64\jre\21.0.12.1-win32-x86_64\bin\java.dll
Event: 0.098 Attempting to load shared library c:\Users\Admin\.vscode\extensions\redhat.java-1.56.0-win32-x64\jre\21.0.12.1-win32-x86_64\bin\zip.dll
Event: 0.099 Loaded shared library c:\Users\Admin\.vscode\extensions\redhat.java-1.56.0-win32-x64\jre\21.0.12.1-win32-x86_64\bin\zip.dll
Event: 0.130 Attempting to load shared library C:\Users\Admin\.vscode\extensions\redhat.java-1.56.0-win32-x64\jre\21.0.12.1-win32-x86_64\bin\instrument.dll
Event: 0.130 Loaded shared library C:\Users\Admin\.vscode\extensions\redhat.java-1.56.0-win32-x64\jre\21.0.12.1-win32-x86_64\bin\instrument.dll
Event: 0.138 Attempting to load shared library C:\Users\Admin\.vscode\extensions\redhat.java-1.56.0-win32-x64\jre\21.0.12.1-win32-x86_64\bin\net.dll
Event: 0.140 Loaded shared library C:\Users\Admin\.vscode\extensions\redhat.java-1.56.0-win32-x64\jre\21.0.12.1-win32-x86_64\bin\net.dll
Event: 0.144 Attempting to load shared library C:\Users\Admin\.vscode\extensions\redhat.java-1.56.0-win32-x64\jre\21.0.12.1-win32-x86_64\bin\nio.dll
Event: 0.144 Loaded shared library C:\Users\Admin\.vscode\extensions\redhat.java-1.56.0-win32-x64\jre\21.0.12.1-win32-x86_64\bin\nio.dll
Event: 0.148 Attempting to load shared library C:\Users\Admin\.vscode\extensions\redhat.java-1.56.0-win32-x64\jre\21.0.12.1-win32-x86_64\bin\zip.dll
Event: 0.148 Loaded shared library C:\Users\Admin\.vscode\extensions\redhat.java-1.56.0-win32-x64\jre\21.0.12.1-win32-x86_64\bin\zip.dll
Event: 0.172 Attempting to load shared library C:\Users\Admin\.vscode\extensions\redhat.java-1.56.0-win32-x64\jre\21.0.12.1-win32-x86_64\bin\jimage.dll
Event: 0.172 Loaded shared library C:\Users\Admin\.vscode\extensions\redhat.java-1.56.0-win32-x64\jre\21.0.12.1-win32-x86_64\bin\jimage.dll
Event: 0.271 Attempting to load shared library c:\Users\Admin\.vscode\extensions\redhat.java-1.56.0-win32-x64\jre\21.0.12.1-win32-x86_64\bin\verify.dll
Event: 0.306 Loaded shared library c:\Users\Admin\.vscode\extensions\redhat.java-1.56.0-win32-x64\jre\21.0.12.1-win32-x86_64\bin\verify.dll
Event: 7.929 Attempting to load shared library C:\Users\Admin\AppData\Roaming\Code\User\globalStorage\redhat.java\1.56.0\config_win\org.eclipse.equinox.launcher\org.eclipse.equinox.launcher.win32.win32.x86_64_1.3.100.v20260804-1928\eclipse_11924.dll
Event: 8.016 Loaded shared library C:\Users\Admin\AppData\Roaming\Code\User\globalStorage\redhat.java\1.56.0\config_win\org.eclipse.equinox.launcher\org.eclipse.equinox.launcher.win32.win32.x86_64_1.3.100.v20260804-1928\eclipse_11924.dll
Event: 17.248 Attempting to load shared library C:\Users\Admin\AppData\Local\Temp\jna-63116079\jna5072173883362341701.dll
Event: 17.402 Loaded shared library C:\Users\Admin\AppData\Local\Temp\jna-63116079\jna5072173883362341701.dll

Deoptimization events (20 events):
Event: 3333.810 Thread 0x0000025d7b083d40 Uncommon trap: trap_request=0xffffffde fr.pc=0x0000025d6768e014 relative=0x00000000000020b4
Event: 3333.810 Thread 0x0000025d7b083d40 Uncommon trap: reason=class_check action=maybe_recompile pc=0x0000025d6768e014 method=lombok.eclipse.EclipseNode.fieldOrMethodBaseType()Ljava/lang/String; @ 58 c2
Event: 3333.810 Thread 0x0000025d7b083d40 DEOPT PACKING pc=0x0000025d6768e014 sp=0x000000aa02cfde80
Event: 3333.810 Thread 0x0000025d7b083d40 DEOPT UNPACKING pc=0x0000025d65b26da2 sp=0x000000aa02cfdd78 mode 2
Event: 3333.810 Thread 0x0000025d7b083d40 Uncommon trap: trap_request=0xffffffde fr.pc=0x0000025d66c0d440 relative=0x0000000000001120
Event: 3333.810 Thread 0x0000025d7b083d40 Uncommon trap: reason=class_check action=maybe_recompile pc=0x0000025d66c0d440 method=lombok.eclipse.handlers.EclipseHandlerUtil.isBoolean(Lorg/eclipse/jdt/internal/compiler/ast/TypeReference;)Z @ 1 c2
Event: 3333.810 Thread 0x0000025d7b083d40 DEOPT PACKING pc=0x0000025d66c0d440 sp=0x000000aa02cfd820
Event: 3333.810 Thread 0x0000025d7b083d40 DEOPT UNPACKING pc=0x0000025d65b26da2 sp=0x000000aa02cfd7a8 mode 2
Event: 3333.810 Thread 0x0000025d7b083d40 Uncommon trap: trap_request=0xffffffde fr.pc=0x0000025d66c0d440 relative=0x0000000000001120
Event: 3333.810 Thread 0x0000025d7b083d40 Uncommon trap: reason=class_check action=maybe_recompile pc=0x0000025d66c0d440 method=lombok.eclipse.handlers.EclipseHandlerUtil.isBoolean(Lorg/eclipse/jdt/internal/compiler/ast/TypeReference;)Z @ 1 c2
Event: 3333.810 Thread 0x0000025d7b083d40 DEOPT PACKING pc=0x0000025d66c0d440 sp=0x000000aa02cfd800
Event: 3333.810 Thread 0x0000025d7b083d40 DEOPT UNPACKING pc=0x0000025d65b26da2 sp=0x000000aa02cfd788 mode 2
Event: 3333.810 Thread 0x0000025d7b083d40 Uncommon trap: trap_request=0xffffffde fr.pc=0x0000025d66c0d440 relative=0x0000000000001120
Event: 3333.810 Thread 0x0000025d7b083d40 Uncommon trap: reason=class_check action=maybe_recompile pc=0x0000025d66c0d440 method=lombok.eclipse.handlers.EclipseHandlerUtil.isBoolean(Lorg/eclipse/jdt/internal/compiler/ast/TypeReference;)Z @ 1 c2
Event: 3333.810 Thread 0x0000025d7b083d40 DEOPT PACKING pc=0x0000025d66c0d440 sp=0x000000aa02cfd800
Event: 3333.810 Thread 0x0000025d7b083d40 DEOPT UNPACKING pc=0x0000025d65b26da2 sp=0x000000aa02cfd788 mode 2
Event: 3333.811 Thread 0x0000025d7b083d40 Uncommon trap: trap_request=0xffffffde fr.pc=0x0000025d66c0d440 relative=0x0000000000001120
Event: 3333.811 Thread 0x0000025d7b083d40 Uncommon trap: reason=class_check action=maybe_recompile pc=0x0000025d66c0d440 method=lombok.eclipse.handlers.EclipseHandlerUtil.isBoolean(Lorg/eclipse/jdt/internal/compiler/ast/TypeReference;)Z @ 1 c2
Event: 3333.811 Thread 0x0000025d7b083d40 DEOPT PACKING pc=0x0000025d66c0d440 sp=0x000000aa02cfd910
Event: 3333.811 Thread 0x0000025d7b083d40 DEOPT UNPACKING pc=0x0000025d65b26da2 sp=0x000000aa02cfd898 mode 2

Classes loaded (20 events):
Event: 1694.809 Loading class java/util/stream/Nodes$CollectorTask$OfRef
Event: 1694.809 Loading class java/util/stream/Nodes$CollectorTask
Event: 1694.812 Loading class java/util/stream/Nodes$CollectorTask done
Event: 1694.812 Loading class java/util/stream/Nodes$CollectorTask$OfRef done
Event: 1694.814 Loading class java/util/function/LongFunction
Event: 1694.815 Loading class java/util/function/LongFunction done
Event: 1694.815 Loading class java/util/stream/Nodes$ConcNode
Event: 1694.815 Loading class java/util/stream/Nodes$AbstractConcNode
Event: 1694.815 Loading class java/util/stream/Nodes$AbstractConcNode done
Event: 1694.815 Loading class java/util/stream/Nodes$ConcNode done
Event: 1694.829 Loading class java/io/ObjectOutputStream$BlockDataOutputStream
Event: 1694.830 Loading class java/io/ObjectOutputStream$BlockDataOutputStream done
Event: 1694.830 Loading class java/io/ObjectOutputStream$HandleTable
Event: 1694.830 Loading class java/io/ObjectOutputStream$HandleTable done
Event: 1694.830 Loading class java/io/ObjectOutputStream$ReplaceTable
Event: 1694.830 Loading class java/io/ObjectOutputStream$ReplaceTable done
Event: 2872.488 Loading class java/nio/channels/CompletionHandler
Event: 2872.489 Loading class java/nio/channels/CompletionHandler done
Event: 2958.808 Loading class java/io/Console
Event: 2958.809 Loading class java/io/Console done

Classes unloaded (20 events):
Event: 2978.942 Thread 0x0000025d5b2d9f00 Unloading class 0x0000025d01016400 'java/lang/invoke/LambdaForm$MH+0x0000025d01016400'
Event: 2978.942 Thread 0x0000025d5b2d9f00 Unloading class 0x0000025d0100d800 'java/lang/invoke/LambdaForm$MH+0x0000025d0100d800'
Event: 2978.942 Thread 0x0000025d5b2d9f00 Unloading class 0x0000025d0100d400 'java/lang/invoke/LambdaForm$MH+0x0000025d0100d400'
Event: 2978.942 Thread 0x0000025d5b2d9f00 Unloading class 0x0000025d0100d000 'java/lang/invoke/LambdaForm$MH+0x0000025d0100d000'
Event: 2978.942 Thread 0x0000025d5b2d9f00 Unloading class 0x0000025d0100cc00 'java/lang/invoke/LambdaForm$MH+0x0000025d0100cc00'
Event: 2978.942 Thread 0x0000025d5b2d9f00 Unloading class 0x0000025d0100c800 'java/lang/invoke/LambdaForm$BMH+0x0000025d0100c800'
Event: 2978.942 Thread 0x0000025d5b2d9f00 Unloading class 0x0000025d0100c000 'java/lang/invoke/LambdaForm$DMH+0x0000025d0100c000'
Event: 2978.942 Thread 0x0000025d5b2d9f00 Unloading class 0x0000025d01008c00 'java/lang/invoke/LambdaForm$MH+0x0000025d01008c00'
Event: 2978.942 Thread 0x0000025d5b2d9f00 Unloading class 0x0000025d01008800 'java/lang/invoke/LambdaForm$MH+0x0000025d01008800'
Event: 2978.943 Thread 0x0000025d5b2d9f00 Unloading class 0x0000025d01008400 'java/lang/invoke/LambdaForm$MH+0x0000025d01008400'
Event: 2978.943 Thread 0x0000025d5b2d9f00 Unloading class 0x0000025d01007000 'java/lang/invoke/LambdaForm$MH+0x0000025d01007000'
Event: 2978.943 Thread 0x0000025d5b2d9f00 Unloading class 0x0000025d01006800 'java/lang/invoke/LambdaForm$MH+0x0000025d01006800'
Event: 2978.943 Thread 0x0000025d5b2d9f00 Unloading class 0x0000025d01006400 'java/lang/invoke/LambdaForm$MH+0x0000025d01006400'
Event: 2978.943 Thread 0x0000025d5b2d9f00 Unloading class 0x0000025d01006000 'java/lang/invoke/LambdaForm$MH+0x0000025d01006000'
Event: 2978.943 Thread 0x0000025d5b2d9f00 Unloading class 0x0000025d01005c00 'java/lang/invoke/LambdaForm$BMH+0x0000025d01005c00'
Event: 2978.943 Thread 0x0000025d5b2d9f00 Unloading class 0x0000025d01004800 'java/lang/invoke/LambdaForm$DMH+0x0000025d01004800'
Event: 2978.943 Thread 0x0000025d5b2d9f00 Unloading class 0x0000025d01002800 'java/lang/invoke/LambdaForm$MH+0x0000025d01002800'
Event: 2978.943 Thread 0x0000025d5b2d9f00 Unloading class 0x0000025d01002400 'java/lang/invoke/LambdaForm$MH+0x0000025d01002400'
Event: 2978.943 Thread 0x0000025d5b2d9f00 Unloading class 0x0000025d01002000 'java/lang/invoke/LambdaForm$MH+0x0000025d01002000'
Event: 2978.943 Thread 0x0000025d5b2d9f00 Unloading class 0x0000025d01001800 'java/lang/invoke/LambdaForm$MH+0x0000025d01001800'

Classes redefined (0 events):
No events

Internal exceptions (20 events):
Event: 1395.747 Thread 0x0000025d78b11d90 Exception <a 'java/io/FileNotFoundException'{0x00000000d58770d8}> (0x00000000d58770d8) 
thrown [s\src\hotspot\share\prims\jni.cpp, line 520]
Event: 1395.747 Thread 0x0000025d78b11d90 Exception <a 'java/io/FileNotFoundException'{0x00000000d58780c8}> (0x00000000d58780c8) 
thrown [s\src\hotspot\share\prims\jni.cpp, line 520]
Event: 1396.035 Thread 0x0000025d78b11d90 Implicit null exception at 0x0000025d664caf26 to 0x0000025d664cc154
Event: 1442.627 Thread 0x0000025d7b721910 Implicit null exception at 0x0000025d67226fab to 0x0000025d6722a189
Event: 1442.630 Thread 0x0000025d7b721910 Implicit null exception at 0x0000025d67201d59 to 0x0000025d6720216c
Event: 1442.698 Thread 0x0000025d7b721910 Implicit null exception at 0x0000025d670f32eb to 0x0000025d670f3380
Event: 1659.977 Thread 0x0000025d7b720560 Implicit null exception at 0x0000025d67208cc8 to 0x0000025d67209a88
Event: 1662.428 Thread 0x0000025d7b720560 Implicit null exception at 0x0000025d66811965 to 0x0000025d66813798
Event: 1694.825 Thread 0x0000025d78b11d90 Exception <a 'sun/nio/fs/WindowsException'{0x00000000d55c41a8}> (0x00000000d55c41a8) 
thrown [s\src\hotspot\share\prims\jni.cpp, line 520]
Event: 1694.825 Thread 0x0000025d78b11d90 Exception <a 'sun/nio/fs/WindowsException'{0x00000000d55c4de0}> (0x00000000d55c4de0) 
thrown [s\src\hotspot\share\prims\jni.cpp, line 520]
Event: 1694.825 Thread 0x0000025d78b11d90 Implicit null exception at 0x0000025d664c6786 to 0x0000025d664c6afc
Event: 1694.845 Thread 0x0000025d78b11d90 Exception <a 'java/lang/NoSuchMethodError'{0x00000000d5667fb8}: static [J.<clinit>()V> (0x00000000d5667fb8) 
thrown [s\src\hotspot\share\prims\jni.cpp, line 1111]
Event: 1694.853 Thread 0x0000025d78b11d90 Exception <a 'java/lang/NoSuchMethodError'{0x00000000d569b1a0}: 'java.lang.Object java.lang.invoke.DirectMethodHandle$Holder.newInvokeSpecial(java.lang.Object, java.lang.Object, java.lang.Object, java.lang.Object, java.lang.Object, java.lang.Object, java.lang.Object, java.lang.Object)'> (0x00000000d569b1a0) 
thrown [s\src\hotspot\share\interpreter\linkResolver.cpp, line 773]
Event: 2277.689 Thread 0x0000025d7a5c8ce0 Exception <a 'sun/nio/fs/WindowsException'{0x00000000d59ca158}> (0x00000000d59ca158) 
thrown [s\src\hotspot\share\prims\jni.cpp, line 520]
Event: 2277.690 Thread 0x0000025d7a5c8ce0 Exception <a 'sun/nio/fs/WindowsException'{0x00000000d59ca898}> (0x00000000d59ca898) 
thrown [s\src\hotspot\share\prims\jni.cpp, line 520]
Event: 2960.287 Thread 0x0000025d7a5ce230 Exception <a 'java/lang/IncompatibleClassChangeError'{0x00000000d57a73c0}: Found class java.lang.Object, but interface was expected> (0x00000000d57a73c0) 
thrown [s\src\hotspot\share\interpreter\linkResolver.cpp, line 840]
Event: 2960.674 Thread 0x0000025d7b083d40 Implicit null exception at 0x0000025d66a93a9a to 0x0000025d66a93fa8
Event: 2960.709 Thread 0x0000025d7b083020 Implicit null exception at 0x0000025d66a93a9a to 0x0000025d66a93fa8
Event: 3168.365 Thread 0x0000025d7b083d40 Implicit null exception at 0x0000025d665ff0d2 to 0x0000025d665ff116
Event: 3298.018 Thread 0x0000025d7b083d40 Implicit null exception at 0x0000025d66664218 to 0x0000025d6666567c

ZGC Phase Switch (0 events):
No events

VM Operations (20 events):
Event: 4028.889 Executing non-safepoint VM operation: HandshakeAllThreads (HandshakeForDeflation)
Event: 4028.889 Executing non-safepoint VM operation: HandshakeAllThreads (HandshakeForDeflation) done
Event: 4028.889 Executing non-safepoint VM operation: RendezvousGCThreads
Event: 4028.889 Executing non-safepoint VM operation: RendezvousGCThreads done
Event: 4148.979 Executing non-safepoint VM operation: HandshakeAllThreads (HandshakeForDeflation)
Event: 4148.979 Executing non-safepoint VM operation: HandshakeAllThreads (HandshakeForDeflation) done
Event: 4148.979 Executing non-safepoint VM operation: RendezvousGCThreads
Event: 4148.979 Executing non-safepoint VM operation: RendezvousGCThreads done
Event: 4209.233 Executing non-safepoint VM operation: HandshakeAllThreads (HandshakeForDeflation)
Event: 4209.234 Executing non-safepoint VM operation: HandshakeAllThreads (HandshakeForDeflation) done
Event: 4209.234 Executing non-safepoint VM operation: RendezvousGCThreads
Event: 4209.234 Executing non-safepoint VM operation: RendezvousGCThreads done
Event: 4269.458 Executing non-safepoint VM operation: HandshakeAllThreads (HandshakeForDeflation)
Event: 4269.458 Executing non-safepoint VM operation: HandshakeAllThreads (HandshakeForDeflation) done
Event: 4269.458 Executing non-safepoint VM operation: RendezvousGCThreads
Event: 4269.458 Executing non-safepoint VM operation: RendezvousGCThreads done
Event: 4329.650 Executing non-safepoint VM operation: HandshakeAllThreads (HandshakeForDeflation)
Event: 4329.650 Executing non-safepoint VM operation: HandshakeAllThreads (HandshakeForDeflation) done
Event: 4329.650 Executing non-safepoint VM operation: RendezvousGCThreads
Event: 4329.650 Executing non-safepoint VM operation: RendezvousGCThreads done

Memory protections (0 events):
No events

Nmethod flushes (20 events):
Event: 2979.180 Thread 0x0000025d5b2d9f00 flushing  nmethod 0x0000025d61397a90
Event: 2979.180 Thread 0x0000025d5b2d9f00 flushing  nmethod 0x0000025d613ac510
Event: 2979.180 Thread 0x0000025d5b2d9f00 flushing  nmethod 0x0000025d613ad010
Event: 2979.180 Thread 0x0000025d5b2d9f00 flushing  nmethod 0x0000025d613dbe90
Event: 2979.180 Thread 0x0000025d5b2d9f00 flushing  nmethod 0x0000025d613f1110
Event: 2979.180 Thread 0x0000025d5b2d9f00 flushing  nmethod 0x0000025d613fa790
Event: 2979.180 Thread 0x0000025d5b2d9f00 flushing  nmethod 0x0000025d613fd310
Event: 2979.180 Thread 0x0000025d5b2d9f00 flushing  nmethod 0x0000025d614d3390
Event: 2979.180 Thread 0x0000025d5b2d9f00 flushing  nmethod 0x0000025d61526810
Event: 2979.180 Thread 0x0000025d5b2d9f00 flushing  nmethod 0x0000025d61546b90
Event: 2979.180 Thread 0x0000025d5b2d9f00 flushing  nmethod 0x0000025d61552b90
Event: 2979.180 Thread 0x0000025d5b2d9f00 flushing  nmethod 0x0000025d61553590
Event: 2979.180 Thread 0x0000025d5b2d9f00 flushing  nmethod 0x0000025d61555f10
Event: 2979.180 Thread 0x0000025d5b2d9f00 flushing  nmethod 0x0000025d61589810
Event: 2979.180 Thread 0x0000025d5b2d9f00 flushing  nmethod 0x0000025d615a7510
Event: 2979.181 Thread 0x0000025d5b2d9f00 flushing  nmethod 0x0000025d616c2910
Event: 2979.181 Thread 0x0000025d5b2d9f00 flushing  nmethod 0x0000025d616c4b10
Event: 2979.181 Thread 0x0000025d5b2d9f00 flushing  nmethod 0x0000025d617b4b90
Event: 2979.181 Thread 0x0000025d5b2d9f00 flushing osr nmethod 0x0000025d617d4190
Event: 2979.181 Thread 0x0000025d5b2d9f00 flushing osr nmethod 0x0000025d617d6310

Events (20 events):
Event: 2955.750 Thread 0x0000025d7b085e10 Thread exited: 0x0000025d7b085e10
Event: 2958.814 Thread 0x0000025d5b306e00 Thread added: 0x0000025d7b75b6c0
Event: 2958.895 Thread 0x0000025d5b306e00 Thread added: 0x0000025d7b75e670
Event: 2959.113 Thread 0x0000025d7b75e670 Thread exited: 0x0000025d7b75e670
Event: 2959.119 Thread 0x0000025d7a5c8ce0 Thread added: 0x0000025d7b083d40
Event: 2960.058 Thread 0x0000025d7b75b6c0 Thread exited: 0x0000025d7b75b6c0
Event: 2960.305 Thread 0x0000025d7b083d40 Thread added: 0x0000025d7b083020
Event: 2960.706 Thread 0x0000025d5b306e00 Thread added: 0x0000025d7b75aff0
Event: 2960.848 Thread 0x0000025d7b75aff0 Thread exited: 0x0000025d7b75aff0
Event: 3063.442 Thread 0x0000025d7b083d40 Thread added: 0x0000025d7b085e10
Event: 3063.442 Thread 0x0000025d7b085e10 Thread exited: 0x0000025d7b085e10
Event: 3092.085 Thread 0x0000025d7b083020 Thread added: 0x0000025d7b0836b0
Event: 3092.085 Thread 0x0000025d7b0836b0 Thread exited: 0x0000025d7b0836b0
Event: 3479.054 Thread 0x0000025d7b083020 Thread exited: 0x0000025d7b083020
Event: 3539.059 Thread 0x0000025d7a5ca090 Thread exited: 0x0000025d7a5ca090
Event: 3662.229 Thread 0x0000025d7a5c8ce0 Thread exited: 0x0000025d7a5c8ce0
Event: 3722.230 Thread 0x0000025d7a5ca720 Thread exited: 0x0000025d7a5ca720
Event: 3782.244 Thread 0x0000025d7b083d40 Thread exited: 0x0000025d7b083d40
Event: 3884.525 Thread 0x0000025d7aaf00f0 Thread exited: 0x0000025d7aaf00f0
Event: 4184.532 Thread 0x0000025d7b71c3c0 Thread exited: 0x0000025d7b71c3c0


Dynamic libraries:
0x00007ff602600000 - 0x00007ff60260e000 	c:\Users\Admin\.vscode\extensions\redhat.java-1.56.0-win32-x64\jre\21.0.12.1-win32-x86_64\bin\java.exe
0x00007ffb8f210000 - 0x00007ffb8f405000 	C:\Windows\SYSTEM32\ntdll.dll
0x00007ffb8eb80000 - 0x00007ffb8ec3d000 	C:\Windows\System32\KERNEL32.DLL
0x00007ffb8c950000 - 0x00007ffb8cc17000 	C:\Windows\System32\KERNELBASE.dll
0x00007ffb8cd60000 - 0x00007ffb8ce60000 	C:\Windows\System32\ucrtbase.dll
0x00007ffb63d80000 - 0x00007ffb63d98000 	c:\Users\Admin\.vscode\extensions\redhat.java-1.56.0-win32-x64\jre\21.0.12.1-win32-x86_64\bin\jli.dll
0x00007ffb8e970000 - 0x00007ffb8eb10000 	C:\Windows\System32\USER32.dll
0x00007ffb8cc20000 - 0x00007ffb8cc42000 	C:\Windows\System32\win32u.dll
0x00007ffb8d270000 - 0x00007ffb8d29a000 	C:\Windows\System32\GDI32.dll
0x00007ffb8d060000 - 0x00007ffb8d169000 	C:\Windows\System32\gdi32full.dll
0x00007ffb8ce60000 - 0x00007ffb8cefd000 	C:\Windows\System32\msvcp_win.dll
0x00007ffb47e90000 - 0x00007ffb47eae000 	c:\Users\Admin\.vscode\extensions\redhat.java-1.56.0-win32-x64\jre\21.0.12.1-win32-x86_64\bin\VCRUNTIME140.dll
0x00007ffb74240000 - 0x00007ffb744db000 	C:\Windows\WinSxS\amd64_microsoft.windows.common-controls_6595b64144ccf1df_6.0.19041.488_none_ca04af081b815d21\COMCTL32.dll
0x00007ffb8d4c0000 - 0x00007ffb8d55e000 	C:\Windows\System32\msvcrt.dll
0x00007ffb8f1a0000 - 0x00007ffb8f1d0000 	C:\Windows\System32\IMM32.DLL
0x00007ffb7c190000 - 0x00007ffb7c19c000 	c:\Users\Admin\.vscode\extensions\redhat.java-1.56.0-win32-x64\jre\21.0.12.1-win32-x86_64\bin\vcruntime140_1.dll
0x00007ffaed390000 - 0x00007ffaed41d000 	c:\Users\Admin\.vscode\extensions\redhat.java-1.56.0-win32-x64\jre\21.0.12.1-win32-x86_64\bin\msvcp140.dll
0x00007ffadb2e0000 - 0x00007ffadc082000 	c:\Users\Admin\.vscode\extensions\redhat.java-1.56.0-win32-x64\jre\21.0.12.1-win32-x86_64\bin\server\jvm.dll
0x00007ffb8d880000 - 0x00007ffb8d92a000 	C:\Windows\System32\ADVAPI32.dll
0x00007ffb8d7e0000 - 0x00007ffb8d87b000 	C:\Windows\System32\sechost.dll
0x00007ffb8d650000 - 0x00007ffb8d774000 	C:\Windows\System32\RPCRT4.dll
0x00007ffb8d930000 - 0x00007ffb8d99b000 	C:\Windows\System32\WS2_32.dll
0x00007ffb8c090000 - 0x00007ffb8c0db000 	C:\Windows\SYSTEM32\POWRPROF.dll
0x00007ffb85f80000 - 0x00007ffb85f8a000 	C:\Windows\SYSTEM32\VERSION.dll
0x00007ffb8afd0000 - 0x00007ffb8aff7000 	C:\Windows\SYSTEM32\WINMM.dll
0x00007ffb8bfe0000 - 0x00007ffb8bff2000 	C:\Windows\SYSTEM32\UMPDC.dll
0x00007ffb8b250000 - 0x00007ffb8b263000 	C:\Windows\SYSTEM32\kernel.appcore.dll
0x00007ffb70b30000 - 0x00007ffb70b3a000 	c:\Users\Admin\.vscode\extensions\redhat.java-1.56.0-win32-x64\jre\21.0.12.1-win32-x86_64\bin\jimage.dll
0x00007ffb8ada0000 - 0x00007ffb8af84000 	C:\Windows\SYSTEM32\DBGHELP.DLL
0x00007ffb8ad70000 - 0x00007ffb8ad9c000 	C:\Windows\SYSTEM32\dbgcore.DLL
0x00007ffb8d1f0000 - 0x00007ffb8d26f000 	C:\Windows\System32\bcryptPrimitives.dll
0x00007ffb70ae0000 - 0x00007ffb70aef000 	c:\Users\Admin\.vscode\extensions\redhat.java-1.56.0-win32-x64\jre\21.0.12.1-win32-x86_64\bin\instrument.dll
0x00007ffb472c0000 - 0x00007ffb472e0000 	c:\Users\Admin\.vscode\extensions\redhat.java-1.56.0-win32-x64\jre\21.0.12.1-win32-x86_64\bin\java.dll
0x00007ffb8e220000 - 0x00007ffb8e961000 	C:\Windows\System32\SHELL32.dll
0x00007ffb8a5c0000 - 0x00007ffb8ad53000 	C:\Windows\SYSTEM32\windows.storage.dll
0x00007ffb8d9a0000 - 0x00007ffb8dcf5000 	C:\Windows\System32\combase.dll
0x00007ffb8c340000 - 0x00007ffb8c36c000 	C:\Windows\SYSTEM32\Wldp.dll
0x00007ffb8e170000 - 0x00007ffb8e21e000 	C:\Windows\System32\SHCORE.dll
0x00007ffb8eb10000 - 0x00007ffb8eb65000 	C:\Windows\System32\shlwapi.dll
0x00007ffb8c880000 - 0x00007ffb8c8a6000 	C:\Windows\SYSTEM32\profapi.dll
0x00007ffb1d2d0000 - 0x00007ffb1d2e8000 	c:\Users\Admin\.vscode\extensions\redhat.java-1.56.0-win32-x64\jre\21.0.12.1-win32-x86_64\bin\zip.dll
0x00007ffb706a0000 - 0x00007ffb706b0000 	C:\Users\Admin\.vscode\extensions\redhat.java-1.56.0-win32-x64\jre\21.0.12.1-win32-x86_64\bin\net.dll
0x00007ffb87d40000 - 0x00007ffb87e40000 	C:\Windows\SYSTEM32\WINHTTP.dll
0x00007ffb8c0e0000 - 0x00007ffb8c14a000 	C:\Windows\system32\mswsock.dll
0x00007ffb1ccc0000 - 0x00007ffb1ccd6000 	C:\Users\Admin\.vscode\extensions\redhat.java-1.56.0-win32-x64\jre\21.0.12.1-win32-x86_64\bin\nio.dll
0x00007ffb6e840000 - 0x00007ffb6e850000 	c:\Users\Admin\.vscode\extensions\redhat.java-1.56.0-win32-x64\jre\21.0.12.1-win32-x86_64\bin\verify.dll
0x00007ffb18fe0000 - 0x00007ffb19025000 	C:\Users\Admin\AppData\Roaming\Code\User\globalStorage\redhat.java\1.56.0\config_win\org.eclipse.equinox.launcher\org.eclipse.equinox.launcher.win32.win32.x86_64_1.3.100.v20260804-1928\eclipse_11924.dll
0x00007ffb8d390000 - 0x00007ffb8d4b9000 	C:\Windows\System32\ole32.dll
0x00007ffb8c300000 - 0x00007ffb8c318000 	C:\Windows\SYSTEM32\CRYPTSP.dll
0x00007ffb8b9c0000 - 0x00007ffb8b9f4000 	C:\Windows\system32\rsaenh.dll
0x00007ffb8d170000 - 0x00007ffb8d197000 	C:\Windows\System32\bcrypt.dll
0x00007ffb8c840000 - 0x00007ffb8c86e000 	C:\Windows\SYSTEM32\USERENV.dll
0x00007ffb8c260000 - 0x00007ffb8c26c000 	C:\Windows\SYSTEM32\CRYPTBASE.dll
0x00007ffb8bd80000 - 0x00007ffb8bdbb000 	C:\Windows\SYSTEM32\IPHLPAPI.DLL
0x00007ffb8d640000 - 0x00007ffb8d649000 	C:\Windows\System32\NSI.dll
0x00007ffadaf00000 - 0x00007ffadaf49000 	C:\Users\Admin\AppData\Local\Temp\jna-63116079\jna5072173883362341701.dll
0x00007ffb8eb70000 - 0x00007ffb8eb78000 	C:\Windows\System32\PSAPI.DLL
0x00007ffb86110000 - 0x00007ffb86127000 	C:\Windows\SYSTEM32\dhcpcsvc6.DLL
0x00007ffb86380000 - 0x00007ffb8639d000 	C:\Windows\SYSTEM32\dhcpcsvc.DLL

JVMTI agents:
c:\Users\Admin\.vscode\extensions\redhat.java-1.56.0-win32-x64\lombok\lombok-1.18.39-4050.jar path:c:\Users\Admin\.vscode\extensions\redhat.java-1.56.0-win32-x64\jre\21.0.12.1-win32-x86_64\bin\instrument.dll, loaded, initialized, instrumentlib options:none

dbghelp: loaded successfully - version: 4.0.5 - missing functions: none
symbol engine: initialized successfully - sym options: 0x614 - pdb path: .;c:\Users\Admin\.vscode\extensions\redhat.java-1.56.0-win32-x64\jre\21.0.12.1-win32-x86_64\bin;C:\Windows\SYSTEM32;C:\Windows\WinSxS\amd64_microsoft.windows.common-controls_6595b64144ccf1df_6.0.19041.488_none_ca04af081b815d21;c:\Users\Admin\.vscode\extensions\redhat.java-1.56.0-win32-x64\jre\21.0.12.1-win32-x86_64\bin\server;C:\Users\Admin\AppData\Roaming\Code\User\globalStorage\redhat.java\1.56.0\config_win\org.eclipse.equinox.launcher\org.eclipse.equinox.launcher.win32.win32.x86_64_1.3.100.v20260804-1928;C:\Users\Admin\AppData\Local\Temp\jna-63116079

VM Arguments:
jvm_args: --add-modules=ALL-SYSTEM --add-opens=java.base/java.util=ALL-UNNAMED --add-opens=java.base/java.lang=ALL-UNNAMED --add-opens=java.base/sun.nio.fs=ALL-UNNAMED -Declipse.application=org.eclipse.jdt.ls.core.id1 -Dosgi.bundles.defaultStartLevel=4 -Declipse.product=org.eclipse.jdt.ls.core.product -Djava.import.generatesMetadataFilesAtProjectRoot=false -Dm2e.project.cache.size=50 -DDetectVMInstallationsJob.disabled=true -Dfile.encoding=utf8 -XX:+UseParallelGC -XX:GCTimeRatio=4 -XX:AdaptiveSizePolicyWeight=90 -Dsun.zip.disableMemoryMapping=true -Xmx2G -Xms100m -Xlog:disable -javaagent:c:\Users\Admin\.vscode\extensions\redhat.java-1.56.0-win32-x64\lombok\lombok-1.18.39-4050.jar -XX:+HeapDumpOnOutOfMemoryError -XX:HeapDumpPath=c:\Users\Admin\AppData\Roaming\Code\User\workspaceStorage\4f9e107358ef62e9664a310ec5419760\redhat.java -Daether.dependencyCollector.impl=bf 
java_command: c:\Users\Admin\.vscode\extensions\redhat.java-1.56.0-win32-x64\server\plugins\org.eclipse.equinox.launcher_1.8.0.v20260804-1928.jar -configuration c:\Users\Admin\AppData\Roaming\Code\User\globalStorage\redhat.java\1.56.0\config_win -data c:\Users\Admin\AppData\Roaming\Code\User\workspaceStorage\4f9e107358ef62e9664a310ec5419760\redhat.java\jdt_ws --pipe=\\.\pipe\lsp-4a7a9a2781b24e999d96a2f9c8131615-sock
java_class_path (initial): c:\Users\Admin\.vscode\extensions\redhat.java-1.56.0-win32-x64\server\plugins\org.eclipse.equinox.launcher_1.8.0.v20260804-1928.jar
Launcher Type: SUN_STANDARD

[Global flags]
    uintx AdaptiveSizePolicyWeight                 = 90                                        {product} {command line}
     intx CICompilerCount                          = 4                                         {product} {ergonomic}
    uintx GCTimeRatio                              = 4                                         {product} {command line}
     bool HeapDumpOnOutOfMemoryError               = true                                   {manageable} {command line}
    ccstr HeapDumpPath                             = c:\Users\Admin\AppData\Roaming\Code\User\workspaceStorage\4f9e107358ef62e9664a310ec5419760\redhat.java         {manageable} {command line}
   size_t InitialHeapSize                          = 104857600                                 {product} {command line}
   size_t MaxHeapSize                              = 2147483648                                {product} {command line}
   size_t MaxNewSize                               = 715653120                                 {product} {ergonomic}
   size_t MinHeapDeltaBytes                        = 524288                                    {product} {ergonomic}
   size_t MinHeapSize                              = 104857600                                 {product} {command line}
   size_t NewSize                                  = 34603008                                  {product} {ergonomic}
    uintx NonNMethodCodeHeapSize                   = 5839372                                {pd product} {ergonomic}
    uintx NonProfiledCodeHeapSize                  = 122909434                              {pd product} {ergonomic}
   size_t OldSize                                  = 70254592                                  {product} {ergonomic}
    uintx ProfiledCodeHeapSize                     = 122909434                              {pd product} {ergonomic}
    uintx ReservedCodeCacheSize                    = 251658240                              {pd product} {ergonomic}
     bool SegmentedCodeCache                       = true                                      {product} {ergonomic}
   size_t SoftMaxHeapSize                          = 2147483648                             {manageable} {ergonomic}
     bool UseCompressedOops                        = true                           {product lp64_product} {ergonomic}
     bool UseLargePagesIndividualAllocation        = false                                  {pd product} {ergonomic}
     bool UseParallelGC                            = true                                      {product} {command line}

Logging:
Log output configuration:
 #0: stdout all=off uptime,level,tags foldmultilines=false
 #1: stderr all=off uptime,level,tags foldmultilines=false

Release file:
JAVA_VERSION="21.0.12.1" 
MODULES="java.base java.compiler java.datatransfer java.xml java.prefs java.desktop java.instrument java.logging java.management java.security.sasl java.naming java.rmi java.management.rmi java.net.http java.scripting java.security.jgss java.transaction.xa java.sql java.sql.rowset java.xml.crypto java.se java.smartcardio jdk.accessibility jdk.internal.jvmstat jdk.attach jdk.charsets jdk.internal.opt jdk.zipfs jdk.compiler jdk.crypto.ec jdk.crypto.cryptoki jdk.crypto.mscapi jdk.dynalink jdk.internal.ed jdk.editpad jdk.hotspot.agent jdk.httpserver jdk.internal.le jdk.internal.vm.ci jdk.internal.vm.compiler jdk.internal.vm.compiler.management jdk.jartool jdk.javadoc jdk.jcmd jdk.management jdk.management.agent jdk.jconsole jdk.jdeps jdk.jdwp.agent jdk.jdi jdk.jfr jdk.jshell jdk.jsobject jdk.jstatd jdk.localedata jdk.management.jfr jdk.naming.dns jdk.naming.rmi jdk.net jdk.nio.mapmode jdk.random jdk.sctp jdk.security.auth jdk.security.jgss jdk.unsupported jdk.unsupported.desktop jdk.xml.dom" 

Environment Variables:
JAVA_HOME=C:\Program Files\Eclipse Adoptium\jdk-21.0.12.101-hotspot\
PATH=C:\Program Files\Eclipse Adoptium\jdk-21.0.12.101-hotspot\bin;C:\Program Files (x86)\Common Files\Intel\Shared Libraries\redist\intel64\compiler;C:\java\bin;C:\Program Files\Common Files\Oracle\Java\javapath;C:\Windows\system32;C:\Windows;C:\Windows\System32\Wbem;C:\Windows\System32\WindowsPowerShell\v1.0\;C:\Windows\System32\OpenSSH\;C:\Program Files (x86)\NVIDIA Corporation\PhysX\Common;C:\Program Files\NVIDIA Corporation\NVIDIA NvDLISR;C:\Java\bin\;C:\Program Files\Microsoft SQL Server\150\Tools\Binn\;C:\Program Files\Microsoft SQL Server\Client SDK\ODBC\170\Tools\Binn\;C:\Program Files (x86)\Microsoft SQL Server\160\Tools\Binn\;C:\Program Files\Microsoft SQL Server\160\Tools\Binn\;C:\Program Files\Microsoft SQL Server\160\DTS\Binn\;D:\Program Files\;D:\Program Files\Git\cmd;C:\Program Files\Docker\Docker\resources\bin;C:\Users\Admin\AppData\Local\Microsoft\WindowsApps;C:\Users\Admin\AppData\Local\afreeca;C:\Users\Admin\Documents\flutter\bin;D:\Program Files\Microsoft VS Code\bin;C:\Users\Admin\AppData\Local\Android\Sdk\platform-tools;C:\Users\Admin\AppData\Roaming\npm
USERNAME=Admin
OS=Windows_NT
PROCESSOR_IDENTIFIER=Intel64 Family 6 Model 140 Stepping 1, GenuineIntel
TMP=C:\Users\Admin\AppData\Local\Temp
TEMP=C:\Users\Admin\AppData\Local\Temp




Periodic native trim disabled

---------------  S Y S T E M  ---------------

OS:
 Windows 10 , 64 bit Build 19041 (10.0.19041.292)
OS uptime: 0 days 1:20 hours
Hyper-V role detected

CPU: total 8 (initial active 8) (4 cores per cpu, 2 threads per core) family 6 model 140 stepping 1 microcode 0xa4, cx8, cmov, fxsr, ht, mmx, 3dnowpref, sse, sse2, sse3, ssse3, sse4.1, sse4.2, popcnt, lzcnt, tsc, tscinvbit, avx, avx2, aes, erms, clmul, bmi1, bmi2, adx, avx512f, avx512dq, avx512cd, avx512bw, avx512vl, sha, fma, vzeroupper, avx512_vpopcntdq, avx512_vpclmulqdq, avx512_vaes, avx512_vnni, clflush, clflushopt, clwb, avx512_vbmi2, avx512_vbmi, hv, rdtscp, rdpid, fsrm, gfni, avx512_bitalg, f16c, avx512_ifma
Processor Information for the first 8 processors :
  Max Mhz: 2419, Current Mhz: 2419, Mhz Limit: 2419

Memory: 4k page, system-wide physical 7934M (300M free)
TotalPageFile size 16126M (AvailPageFile size 25M)
current process WorkingSet (physical memory assigned to process): 59M, peak: 1449M
current process commit charge ("private bytes"): 914M, peak: 1774M

vm_info: OpenJDK 64-Bit Server VM (21.0.12.1+1-LTS) for windows-amd64 JRE (21.0.12.1+1-LTS), built on 2026-08-18T00:00:00Z by "admin" with MS VC++ 17.12 (VS2022)

END.
